// Vitest Snapshot v1, https://vitest.dev/guide/snapshot.html

exports[`HTML → MD Conversion (turndown) > Basic Inline Elements > should match snapshot (direct + pipeline) 1`] = `
{
  "groupName": "Basic Inline Elements",
  "results": [
    {
      "directHtml": "<p>Hello world</p>",
      "directMatchesOriginal": true,
      "directMd": "Hello world",
      "name": "plain paragraph",
      "pipelineHtml": "<p>Hello world</p>
",
      "pipelineMatchesOriginal": true,
      "pipelineMd": "Hello world",
    },
    {
      "directHtml": "<p>This is <strong>bold</strong> text</p>",
      "directMatchesOriginal": true,
      "directMd": "This is **bold** text",
      "name": "bold text",
      "pipelineHtml": "<p>This is <strong>bold</strong> text</p>
",
      "pipelineMatchesOriginal": true,
      "pipelineMd": "This is **bold** text",
    },
    {
      "directHtml": "<p>This is <em>italic</em> text</p>",
      "directMatchesOriginal": true,
      "directMd": "This is *italic* text",
      "name": "italic text",
      "pipelineHtml": "<p>This is <em>italic</em> text</p>
",
      "pipelineMatchesOriginal": true,
      "pipelineMd": "This is *italic* text",
    },
    {
      "directHtml": "<p><em><strong>bold italic</strong></em> and <strong>bold <em>italic</em></strong></p>",
      "directMatchesOriginal": true,
      "directMd": "***bold italic*** and **bold *italic***",
      "name": "bold and italic combined",
      "pipelineHtml": "<p><em><strong>bold italic</strong></em> and <strong>bold <em>italic</em></strong></p>
",
      "pipelineMatchesOriginal": true,
      "pipelineMd": "***bold italic*** and **bold *italic***",
    },
    {
      "directHtml": "<p>Use the <code>console.log()</code> function</p>",
      "directMatchesOriginal": true,
      "directMd": "Use the \`console.log()\` function",
      "name": "inline code",
      "pipelineHtml": "<p>Use the <code>console.log()</code> function</p>
",
      "pipelineMatchesOriginal": true,
      "pipelineMd": "Use the \`console.log()\` function",
    },
    {
      "directHtml": "<p>This is <s>deleted</s> text</p>",
      "directMatchesOriginal": true,
      "directMd": "This is ~~deleted~~ text",
      "name": "strikethrough",
      "pipelineHtml": "<p>This is <s>deleted</s> text</p>
",
      "pipelineMatchesOriginal": true,
      "pipelineMd": "This is ~~deleted~~ text",
    },
  ],
}
`;

exports[`HTML → MD Conversion (turndown) > Block Elements > should match snapshot (direct + pipeline) 1`] = `
{
  "groupName": "Block Elements",
  "results": [
    {
      "directHtml": "<blockquote>
<p>This is a blockquote</p>
</blockquote>",
      "directMatchesOriginal": true,
      "directMd": "> This is a blockquote",
      "name": "blockquote",
      "pipelineHtml": "<blockquote>
<p>This is a blockquote</p>
</blockquote>
",
      "pipelineMatchesOriginal": true,
      "pipelineMd": "> This is a blockquote",
    },
    {
      "directHtml": "<blockquote>
<p>First paragraph</p>
<p>Second paragraph</p>
</blockquote>",
      "directMatchesOriginal": true,
      "directMd": "> First paragraph
>
> Second paragraph",
      "name": "blockquote with multiple paragraphs",
      "pipelineHtml": "<blockquote>
<p>First paragraph</p>
<p>Second paragraph</p>
</blockquote>
",
      "pipelineMatchesOriginal": true,
      "pipelineMd": "> First paragraph
>
> Second paragraph",
    },
    {
      "directHtml": "<pre><code>const x = 1;
console.log(x);
</code></pre>",
      "directMatchesOriginal": true,
      "directMd": "\`\`\`
const x = 1;
console.log(x);
\`\`\`",
      "name": "fenced code block",
      "pipelineHtml": "<pre><code>const x = 1;
console.log(x);
</code></pre>
",
      "pipelineMatchesOriginal": true,
      "pipelineMd": "\`\`\`
const x = 1;
console.log(x);
\`\`\`",
    },
    {
      "directHtml": "<pre><code class="language-javascript">const x = 1;
console.log(x);
</code></pre>",
      "directMatchesOriginal": true,
      "directMd": "\`\`\`javascript
const x = 1;
console.log(x);
\`\`\`",
      "name": "fenced code block with language",
      "pipelineHtml": "<pre><code class="language-javascript">const x = 1;
console.log(x);
</code></pre>
",
      "pipelineMatchesOriginal": true,
      "pipelineMd": "\`\`\`javascript
const x = 1;
console.log(x);
\`\`\`",
    },
    {
      "directHtml": "<hr>
",
      "directMatchesOriginal": true,
      "directMd": "---",
      "name": "horizontal rule",
      "pipelineHtml": "<hr>
",
      "pipelineMatchesOriginal": true,
      "pipelineMd": "---",
    },
  ],
}
`;

exports[`HTML → MD Conversion (turndown) > Edge Cases > should match snapshot (direct + pipeline) 1`] = `
{
  "groupName": "Edge Cases",
  "results": [
    {
      "directHtml": "",
      "directMatchesOriginal": true,
      "directMd": "",
      "name": "empty string",
      "pipelineHtml": "",
      "pipelineMatchesOriginal": true,
      "pipelineMd": "",
    },
    {
      "directHtml": "",
      "directMatchesOriginal": true,
      "directMd": "",
      "name": "only whitespace",
      "pipelineHtml": "",
      "pipelineMatchesOriginal": true,
      "pipelineMd": "",
    },
    {
      "directHtml": "<p>AT&amp;T uses &lt;tag&gt; &amp; &quot;quotes&quot;</p>",
      "directMatchesOriginal": true,
      "directMd": "AT&T uses <tag> & "quotes"",
      "name": "special HTML characters",
      "pipelineHtml": "<p>AT&amp;T uses &lt;tag&gt; &amp; &quot;quotes&quot;</p>
",
      "pipelineMatchesOriginal": true,
      "pipelineMd": "AT&T uses <tag> & "quotes"",
    },
    {
      "directHtml": "<p>Line 1</p>
<p>Line 2</p>",
      "directMatchesOriginal": true,
      "directMd": "Line 1

Line 2",
      "name": "multiple blank lines",
      "pipelineHtml": "<p>Line 1</p>
<p>Line 2</p>
",
      "pipelineMatchesOriginal": true,
      "pipelineMd": "Line 1

Line 2",
    },
  ],
}
`;

exports[`HTML → MD Conversion (turndown) > Headings > should match snapshot (direct + pipeline) 1`] = `
{
  "groupName": "Headings",
  "results": [
    {
      "directHtml": "<h1>Heading 1</h1>",
      "directMatchesOriginal": true,
      "directMd": "# Heading 1",
      "name": "h1",
      "pipelineHtml": "<h1>Heading 1</h1>
",
      "pipelineMatchesOriginal": true,
      "pipelineMd": "# Heading 1",
    },
    {
      "directHtml": "<h2>Heading 2</h2>",
      "directMatchesOriginal": true,
      "directMd": "## Heading 2",
      "name": "h2",
      "pipelineHtml": "<h2>Heading 2</h2>
",
      "pipelineMatchesOriginal": true,
      "pipelineMd": "## Heading 2",
    },
    {
      "directHtml": "<h3>Heading 3</h3>",
      "directMatchesOriginal": true,
      "directMd": "### Heading 3",
      "name": "h3",
      "pipelineHtml": "<h3>Heading 3</h3>
",
      "pipelineMatchesOriginal": true,
      "pipelineMd": "### Heading 3",
    },
    {
      "directHtml": "<h4>Heading 4</h4>",
      "directMatchesOriginal": true,
      "directMd": "#### Heading 4",
      "name": "h4",
      "pipelineHtml": "<h4>Heading 4</h4>
",
      "pipelineMatchesOriginal": true,
      "pipelineMd": "#### Heading 4",
    },
    {
      "directHtml": "<h5>Heading 5</h5>",
      "directMatchesOriginal": true,
      "directMd": "##### Heading 5",
      "name": "h5",
      "pipelineHtml": "<h5>Heading 5</h5>
",
      "pipelineMatchesOriginal": true,
      "pipelineMd": "##### Heading 5",
    },
    {
      "directHtml": "<h6>Heading 6</h6>",
      "directMatchesOriginal": true,
      "directMd": "###### Heading 6",
      "name": "h6",
      "pipelineHtml": "<h6>Heading 6</h6>
",
      "pipelineMatchesOriginal": true,
      "pipelineMd": "###### Heading 6",
    },
  ],
}
`;

exports[`HTML → MD Conversion (turndown) > Links and Images > should match snapshot (direct + pipeline) 1`] = `
{
  "groupName": "Links and Images",
  "results": [
    {
      "directHtml": "<p><a href="https://openai.com">OpenAI</a></p>",
      "directMatchesOriginal": true,
      "directMd": "[OpenAI](https://openai.com)",
      "name": "basic link",
      "pipelineHtml": "<p><a href="https://openai.com">OpenAI</a></p>
",
      "pipelineMatchesOriginal": true,
      "pipelineMd": "[OpenAI](https://openai.com)",
    },
    {
      "directHtml": "<p><a href="https://openai.com" title="Visit OpenAI">OpenAI</a></p>",
      "directMatchesOriginal": true,
      "directMd": "[OpenAI](https://openai.com "Visit OpenAI")",
      "name": "link with title",
      "pipelineHtml": "<p><a href="https://openai.com" title="Visit OpenAI">OpenAI</a></p>
",
      "pipelineMatchesOriginal": true,
      "pipelineMd": "[OpenAI](https://openai.com "Visit OpenAI")",
    },
    {
      "directHtml": "<p><img src="https://example.com/image.png" alt="Alt text"></p>",
      "directMatchesOriginal": true,
      "directMd": "![Alt text](https://example.com/image.png)",
      "name": "image",
      "pipelineHtml": "<p><img src="https://example.com/image.png" alt="Alt text"></p>
",
      "pipelineMatchesOriginal": true,
      "pipelineMd": "![Alt text](https://example.com/image.png)",
    },
    {
      "directHtml": "<p><img src="https://example.com/image.png" alt="Alt text" title="Title"></p>",
      "directMatchesOriginal": true,
      "directMd": "![Alt text](https://example.com/image.png "Title")",
      "name": "image with title",
      "pipelineHtml": "<p><img src="https://example.com/image.png" title="Title" alt="Alt text"></p>
",
      "pipelineMatchesOriginal": true,
      "pipelineMd": "![Alt text](https://example.com/image.png "Title")",
    },
    {
      "directHtml": "<p>Visit <a href="https://openai.com">OpenAI</a> for more info.</p>",
      "directMatchesOriginal": true,
      "directMd": "Visit [OpenAI](https://openai.com) for more info.",
      "name": "link in paragraph",
      "pipelineHtml": "<p>Visit <a href="https://openai.com">OpenAI</a> for more info.</p>
",
      "pipelineMatchesOriginal": true,
      "pipelineMd": "Visit [OpenAI](https://openai.com) for more info.",
    },
  ],
}
`;

exports[`HTML → MD Conversion (turndown) > Lists > should match snapshot (direct + pipeline) 1`] = `
{
  "groupName": "Lists",
  "results": [
    {
      "directHtml": "<ul>
<li>Item 1</li>
<li>Item 2</li>
<li>Item 3</li>
</ul>",
      "directMatchesOriginal": true,
      "directMd": "- Item 1
- Item 2
- Item 3",
      "name": "unordered list",
      "pipelineHtml": "<ul>
<li>Item 1</li>
<li>Item 2</li>
<li>Item 3</li>
</ul>
",
      "pipelineMatchesOriginal": true,
      "pipelineMd": "- Item 1
- Item 2
- Item 3",
    },
    {
      "directHtml": "<ol>
<li>First</li>
<li>Second</li>
<li>Third</li>
</ol>",
      "directMatchesOriginal": true,
      "directMd": "1. First
2. Second
3. Third",
      "name": "ordered list",
      "pipelineHtml": "<ol>
<li>First</li>
<li>Second</li>
<li>Third</li>
</ol>
",
      "pipelineMatchesOriginal": true,
      "pipelineMd": "1. First
2. Second
3. Third",
    },
    {
      "directHtml": "<ul>
<li>Parent 1
<ul>
<li>Child 1</li>
<li>Child 2</li>
</ul>
</li>
<li>Parent 2</li>
</ul>",
      "directMatchesOriginal": true,
      "directMd": "- Parent 1
  - Child 1
  - Child 2
- Parent 2",
      "name": "nested unordered list",
      "pipelineHtml": "<ul>
<li>Parent 1
<ul>
<li>Child 1</li>
<li>Child 2</li>
</ul>
</li>
<li>Parent 2</li>
</ul>
",
      "pipelineMatchesOriginal": true,
      "pipelineMd": "- Parent 1
  - Child 1
  - Child 2
- Parent 2",
    },
    {
      "directHtml": "<ul>
<li><strong>Bold item</strong></li>
<li><em>Italic item</em></li>
<li><code>code item</code></li>
</ul>",
      "directMatchesOriginal": true,
      "directMd": "- **Bold item**
- *Italic item*
- \`code item\`",
      "name": "unordered with inline formatting",
      "pipelineHtml": "<ul>
<li><strong>Bold item</strong></li>
<li><em>Italic item</em></li>
<li><code>code item</code></li>
</ul>
",
      "pipelineMatchesOriginal": true,
      "pipelineMd": "- **Bold item**
- *Italic item*
- \`code item\`",
    },
  ],
}
`;

exports[`HTML → MD Conversion (turndown) > Mixed Content > should match snapshot (direct + pipeline) 1`] = `
{
  "groupName": "Mixed Content",
  "results": [
    {
      "directHtml": "<h1>Title</h1>
<p>This is a paragraph after the title.</p>",
      "directMatchesOriginal": true,
      "directMd": "# Title

This is a paragraph after the title.",
      "name": "heading with paragraph",
      "pipelineHtml": "<h1>Title</h1>
<p>This is a paragraph after the title.</p>
",
      "pipelineMatchesOriginal": true,
      "pipelineMd": "# Title

This is a paragraph after the title.",
    },
    {
      "directHtml": "<p>First paragraph.</p>
<p>Second paragraph.</p>
<p>Third paragraph.</p>",
      "directMatchesOriginal": true,
      "directMd": "First paragraph.

Second paragraph.

Third paragraph.",
      "name": "multiple paragraphs",
      "pipelineHtml": "<p>First paragraph.</p>
<p>Second paragraph.</p>
<p>Third paragraph.</p>
",
      "pipelineMatchesOriginal": true,
      "pipelineMd": "First paragraph.

Second paragraph.

Third paragraph.",
    },
    {
      "directHtml": "<blockquote>
<p>A blockquote</p>
<ul>
<li>with a list</li>
<li>inside it</li>
</ul>
</blockquote>",
      "directMatchesOriginal": false,
      "directMd": "> A blockquote
>
> - with a list
> - inside it",
      "name": "blockquote with list inside",
      "pipelineHtml": "<blockquote>
<p>A blockquote</p>
<ul>
<li>with a list</li>
<li>inside it</li>
</ul>
</blockquote>
",
      "pipelineMatchesOriginal": false,
      "pipelineMd": "> A blockquote
>
> - with a list
> - inside it",
    },
  ],
}
`;

exports[`HTML → MD Conversion (turndown) > Tables > should match snapshot (direct + pipeline) 1`] = `
{
  "groupName": "Tables",
  "results": [
    {
      "directHtml": "<table>
<thead>
<tr>
<th>Header 1</th>
<th>Header 2</th>
</tr>
</thead>
<tbody>
<tr>
<td>Cell 1</td>
<td>Cell 2</td>
</tr>
</tbody>
</table>",
      "directMatchesOriginal": true,
      "directMd": "| Header 1 | Header 2 |
| --- | --- |
| Cell 1 | Cell 2 |",
      "name": "basic table",
      "pipelineHtml": "<table>
<thead>
<tr>
<th>Header 1</th>
<th>Header 2</th>
</tr>
</thead>
<tbody>
<tr>
<td>Cell 1</td>
<td>Cell 2</td>
</tr>
</tbody>
</table>
",
      "pipelineMatchesOriginal": true,
      "pipelineMd": "| Header 1 | Header 2 |
| --- | --- |
| Cell 1 | Cell 2 |",
    },
    {
      "directHtml": "<table>
<thead>
<tr>
<th align="left">Left</th>
<th align="center">Center</th>
<th align="right">Right</th>
</tr>
</thead>
<tbody>
<tr>
<td align="left">L</td>
<td align="center">C</td>
<td align="right">R</td>
</tr>
</tbody>
</table>",
      "directMatchesOriginal": true,
      "directMd": "| Left | Center | Right |
| :--- | :---: | ---: |
| L | C | R |",
      "name": "table with alignment",
      "pipelineHtml": "<table>
<thead>
<tr>
<th style="text-align:left">Left</th>
<th style="text-align:center">Center</th>
<th style="text-align:right">Right</th>
</tr>
</thead>
<tbody>
<tr>
<td style="text-align:left">L</td>
<td style="text-align:center">C</td>
<td style="text-align:right">R</td>
</tr>
</tbody>
</table>
",
      "pipelineMatchesOriginal": true,
      "pipelineMd": "| Left | Center | Right |
| :--- | :---: | ---: |
| L | C | R |",
    },
    {
      "directHtml": "<table>
<thead>
<tr>
<th><strong>Bold</strong></th>
<th><em>Italic</em></th>
</tr>
</thead>
<tbody>
<tr>
<td><code>code</code></td>
<td><a href="http://example.com">link</a></td>
</tr>
</tbody>
</table>",
      "directMatchesOriginal": true,
      "directMd": "| **Bold** | *Italic* |
| --- | --- |
| \`code\` | [link](http://example.com) |",
      "name": "table with inline formatting",
      "pipelineHtml": "<table>
<thead>
<tr>
<th><strong>Bold</strong></th>
<th><em>Italic</em></th>
</tr>
</thead>
<tbody>
<tr>
<td><code>code</code></td>
<td><a href="http://example.com">link</a></td>
</tr>
</tbody>
</table>
",
      "pipelineMatchesOriginal": true,
      "pipelineMd": "| **Bold** | *Italic* |
| --- | --- |
| \`code\` | [link](http://example.com) |",
    },
    {
      "directHtml": "<table>
<thead>
<tr>
<th>方法</th>
<th>指令範例</th>
<th>是否修改 <code>package.json</code></th>
</tr>
</thead>
<tbody>
<tr>
<td><strong>corepack use</strong></td>
<td><code>corepack use pnpm@latest</code></td>
<td>✅ 會加上 <code>packageManager</code></td>
</tr>
<tr>
<td><strong>npm install -g</strong></td>
<td><code>npm install -g pnpm@latest</code></td>
<td>❌ 不會修改</td>
</tr>
</tbody>
</table>",
      "directMatchesOriginal": true,
      "directMd": "| 方法 | 指令範例 | 是否修改 \`package.json\` |
| --- | --- | --- |
| **corepack use** | \`corepack use pnpm@latest\` | ✅ 會加上 \`packageManager\` |
| **npm install -g** | \`npm install -g pnpm@latest\` | ❌ 不會修改 |",
      "name": "table with mixed content (Corepack)",
      "pipelineHtml": "<table>
<thead>
<tr>
<th>方法</th>
<th>指令範例</th>
<th>是否修改 <code>package.json</code></th>
</tr>
</thead>
<tbody>
<tr>
<td><strong>corepack use</strong></td>
<td><code>corepack use pnpm@latest</code></td>
<td>✅ 會加上 <code>packageManager</code></td>
</tr>
<tr>
<td><strong>npm install -g</strong></td>
<td><code>npm install -g pnpm@latest</code></td>
<td>❌ 不會修改</td>
</tr>
</tbody>
</table>
",
      "pipelineMatchesOriginal": true,
      "pipelineMd": "| 方法 | 指令範例 | 是否修改 \`package.json\` |
| --- | --- | --- |
| **corepack use** | \`corepack use pnpm@latest\` | ✅ 會加上 \`packageManager\` |
| **npm install -g** | \`npm install -g pnpm@latest\` | ❌ 不會修改 |",
    },
  ],
}
`;
